// Jest Snapshot v1, https://goo.gl/fbAQLP

exports[`<Display /> shows the controls and display 1`] = `
<div
  className="display panel"
>
  <div
    className="led green-led"
    data-testid="display-un-lock"
  >
    Unlocked
  </div>
  <div
    className="led green-led"
    data-testid="display-opn-close"
  >
    Open
  </div>
</div>
`;
