// Jest Snapshot v1, https://goo.gl/fbAQLP

exports[`<Controls /> provide buttons to toggle the \`closed\` and \`locked\` states 1`] = `
<div
  className="controls panel"
>
  <button
    className="toggle-btn"
    data-testid="un-lock-gate-btn"
    disabled={true}
  >
    Lock Gate
  </button>
  <button
    className="toggle-btn"
    data-testid="open-close-gate-btn"
  >
    Close Gate
  </button>
</div>
`;
